---
layout: post
title: "MySQL 5.7新特性之Generated Column"
description: ""
category: 数据库
tags: [MySQL, 数据库, MySQL5.7]
---

MySQL 5.7引入了Generated Column，这篇文章简单地介绍generated column的使用方法和注意事项，为读者了解MySQL 5.7提供一个快速的、完整的教程。这篇博客围绕以下几个问题展开：

1. generated column是什么
1. virtual column与stored column的区别
1. 如果我对generated column做一些破坏行为会怎么样
1. generated column上创建索引

### 1. generated column是什么

generated column是MySQL 5.7引入的新特性，所谓generated column，就是数据库中**这一列由其他列计算而得**，我们以参考手册中的例子予以说明。

例如，知道直角三角形的两条直角边，要求斜边的长度。很明显，可以通过两条直角边计算而得，那么，这时候就可以在数据库中只存放直角边，斜边使用generated column，如下所示：

    CREATE TABLE triangle (
      sidea DOUBLE,
      sideb DOUBLE,
      sidec DOUBLE AS (SQRT(sidea * sidea + sideb * sideb))
    );
    INSERT INTO triangle (sidea, sideb) VALUES(1,1),(3,4),(6,8);

查询结果：

    mysql> SELECT * FROM triangle;
    +-------+-------+--------------------+
    | sidea | sideb | sidec              |
    +-------+-------+--------------------+
    |     1 |     1 | 1.4142135623730951 |
    |     3 |     4 |                  5 |
    |     6 |     8 |                 10 |
    +-------+-------+--------------------+

这个例子就足以说明generated columns是一个什么东西、怎么使用了。

### 2. virtual generated column与stored generated column的区别

在MySQL 5.7中，支持两种generated column，即virtual generated column和stored generated column，前者只将generated column保存在数据字典中（表的元数据），并不会将这一列数据持久化到磁盘上；后者会将generated column持久化到磁盘上，而不是每次读取的时候计算所得。很明显，后者存放了可以通过已有数据计算而得的数据，需要更多的磁盘空间，与virtual column相比并没有优势，因此，MySQL 5.7中，不指定generated column的类型，默认是virtual column。此外：

- stored generated column性能较差，见[这里][1]
- 如果需要stored generated column的话，可能在generated column上建立索引更加合适，见本文第4部分的介绍

综上，一般情况下，都使用virtual generated column，这也是MySQL默认的方式，如果使用stored generated column，前面的建表语句将会是下面这样，即多了一个`stored`关键字：

    Create Table: CREATE TABLE `triangle` (
      `sidea` double DEFAULT NULL,
      `sideb` double DEFAULT NULL,
      `sidec` double GENERATED ALWAYS AS (SQRT(sidea * sidea + sideb * sideb)) STORED
    )

### 3. 如果我对generated column做一些破坏行为会怎么样

我们已经知道了generated column是什么，并且知道了如何使用generated column，为了避免误用，我们先来进行一些实验，以免在具体使用时出现一些未知的情况。

- **将generated column定义为 "除以0"**

    如果我们将generated column定义为 "x列 / 0"，MySQL并不会直接报错，而是在插入数据时报错，并提示"ERROR 1365 (22012): Division by 0"

        mysql> create table t( x int, y int, z int generated always as( x / 0));
        Query OK, 0 rows affected (0.22 sec)
        
        mysql> insert into t(x,y) values(1,1);
        ERROR 1365 (22012): Division by 0

- **插入恶意数据**

    如果我们将generated column定义为 "x列/y列"，在插入数据，如果y列为0的话，同样提示错误，如下所示：

        mysql> create table t( x int, y int, z int generated always as( x / y));
        Query OK, 0 rows affected (0.20 sec)
        
        mysql> insert into t(x,y) values(1,0);
        ERROR 1365 (22012): Division by 0

    所以，还需要对generated column有所了解，才能够解决一些以前没有遇到过的问题。

- **删除源列**

    如果我们将generated column定义为 "x列/y列"，并尝试删除x列或y列，将提示"ERROR 3108 (HY000): Column 'x' has a generated column dependency."

        mysql> create table t( x int, y int, z int generated always as( x / y));
        Query OK, 0 rows affected (0.24 sec)
        mysql> alter table t drop column x;
        ERROR 3108 (HY000): Column 'x' has a generated column dependency.

- **定义显然不合法的generated column**

    如果我们将generated column定义为 "x列+y列"，很明显，x列或y列都是数值型，如果我们将x列或y列定义(或修改)为字符型（当然，实际使用时应该不会有人傻到这样去做），则预期会报错，然而并没有，如下所示，我们可以正常创建。

        mysql> create table t( x int, y varchar(100), z int generated always as( x + y));
        Query OK, 0 rows affected (0.13 sec)

    并且插入如下这样的数据也不会出错：
        
        mysql> insert into t(x,y) values(1,'0');
        Query OK, 1 row affected (0.01 sec)
        
        mysql> select * from t;
        +------+------+------+
        | x    | y    | z    |
        +------+------+------+
        |    1 | 0    |    1 |
        +------+------+------+
        1 row in set (0.00 sec)


    但是对于MySQL无法处理的情况，则会报错：
        
        mysql> insert into t(x,y) values(1,'x');
        ERROR 1292 (22007): Truncated incorrect DOUBLE value: 'x'

### 4. generated column上创建索引

同样，我们可以在generated column上建立索引，建立索引以后，能够加快查找速度，如下所示：

    mysql> create table t(x int primary key, y int, z int generated always as (x / y), unique key idz(z));
    Query OK, 0 rows affected (0.11 sec)
    
    mysql> show create table t\G
    *************************** 1. row ***************************
           Table: t
    Create Table: CREATE TABLE `t` (
      `x` int(11) NOT NULL,
      `y` int(11) DEFAULT NULL,
      `z` int(11) GENERATED ALWAYS AS (x / y) VIRTUAL,
      PRIMARY KEY (`x`),
      UNIQUE KEY `idz` (`z`)
    ) ENGINE=InnoDB DEFAULT CHARSET=latin1
    1 row in set (0.01 sec)

并且，我们可以创建普通索引和唯一索引，如果是唯一索引，在违反了唯一性约束时，进行报错：

    mysql> insert into t(x,y) values(1,1);
    Query OK, 1 row affected (0.02 sec)
    
    mysql> insert into t(x,y) values(2,2);
    ERROR 1062 (23000): Duplicate entry '1' for key 'idz'


**索引的限制：**

关于generated column上的索引，目前还有很多限制，包括：

* 聚集索引不能包含generated column
* 不能在 generated column上创建全文索引和空间索引
* generated column不能作为外键
* 创建generated column时不能使用非确定性的（可重复的）函数


# 参考资料

- <http://mysqlserverteam.com/json-labs-release-effective-functional-indexes-in-innodb/>
- <http://dev.mysql.com/doc/refman/5.7/en/create-table.html#create-table-generated-columns>
- <http://mysqlserverteam.com/virtual-columns-and-effective-functional-indexes-in-innodb/>

[1]: http://mysqlserverteam.com/virtual-columns-and-effective-functional-indexes-in-innodb/
